../Drivers/STM32WLxx_HAL_Driver/Inc/stm32wlxx_ll_rcc.h:1257:22:LL_RCC_LSE_SetDriveCapability	16	static
../Drivers/STM32WLxx_HAL_Driver/Inc/stm32wlxx_ll_bus.h:449:22:LL_AHB2_GRP1_EnableClock	24	static
../Core/Src/main.c:73:5:main	8	static
../Core/Src/main.c:124:6:SystemClock_Config	112	static
../Core/Src/main.c:173:13:MX_DAC_Init	48	static
../Core/Src/main.c:216:13:MX_TIM1_Init	40	static
../Core/Src/main.c:263:13:MX_USART2_UART_Init	8	static
../Core/Src/main.c:311:13:MX_GPIO_Init	32	static
../Core/Src/main.c:365:6:HAL_GPIO_EXTI_Callback	32	static
../Core/Src/main.c:399:6:Error_Handler	4	static,ignoring_inline_asm
